Copyright 1986-2022 Xilinx, Inc. All Rights Reserved. Copyright 2022-2025 Advanced Micro Devices, Inc. All Rights Reserved.
---------------------------------------------------------------------------------------------------------------------------------------------
| Tool Version : Vivado v.2025.1 (lin64) Build 6140274 Wed May 21 22:58:25 MDT 2025
| Date         : Sun Jun 22 17:20:34 2025
| Host         : SwigSwag running 64-bit Ubuntu 22.04.5 LTS
| Command      : report_control_sets -verbose -file Top_control_sets_placed.rpt
| Design       : Top
| Device       : xc7a35t
---------------------------------------------------------------------------------------------------------------------------------------------

Control Set Information

Table of Contents
-----------------
1. Summary
2. Histogram
3. Flip-Flop Distribution
4. Detailed Control Set Information

1. Summary
----------

+----------------------------------------------------------+-------+
|                          Status                          | Count |
+----------------------------------------------------------+-------+
| Total control sets                                       |    15 |
|    Minimum number of control sets                        |    15 |
|    Addition due to synthesis replication                 |     0 |
|    Addition due to physical synthesis replication        |     0 |
| Unused register locations in slices containing registers |    58 |
+----------------------------------------------------------+-------+
* Control sets can be merged at opt_design using control_set_merge or merge_equivalent_drivers
** Run report_qor_suggestions for automated merging and remapping suggestions


2. Histogram
------------

+--------------------+-------+
|       Fanout       | Count |
+--------------------+-------+
| Total control sets |    15 |
| >= 0 to < 4        |     0 |
| >= 4 to < 6        |     1 |
| >= 6 to < 8        |     0 |
| >= 8 to < 10       |     0 |
| >= 10 to < 12      |     0 |
| >= 12 to < 14      |     4 |
| >= 14 to < 16      |     0 |
| >= 16              |    10 |
+--------------------+-------+
* Control sets can be remapped at either synth_design or opt_design


3. Flip-Flop Distribution
-------------------------

+--------------+-----------------------+------------------------+-----------------+--------------+
| Clock Enable | Synchronous Set/Reset | Asynchronous Set/Reset | Total Registers | Total Slices |
+--------------+-----------------------+------------------------+-----------------+--------------+
| No           | No                    | No                     |             871 |          597 |
| No           | No                    | Yes                    |               0 |            0 |
| No           | Yes                   | No                     |              85 |           30 |
| Yes          | No                    | No                     |               0 |            0 |
| Yes          | No                    | Yes                    |               0 |            0 |
| Yes          | Yes                   | No                     |             242 |           83 |
+--------------+-----------------------+------------------------+-----------------+--------------+


4. Detailed Control Set Information
-----------------------------------

+------------------+---------------------------------------------------------+-----------------------------------------------------------+------------------+----------------+--------------+
|   Clock Signal   |                      Enable Signal                      |                      Set/Reset Signal                     | Slice Load Count | Bel Load Count | Bels / Slice |
+------------------+---------------------------------------------------------+-----------------------------------------------------------+------------------+----------------+--------------+
|  clock_IBUF_BUFG | gameTop/debounceSampleEn                                | gameTop/gameTop_reset                                     |                3 |              4 |         1.33 |
|  clock_IBUF_BUFG |                                                         | gameTop/graphicEngineVGA/_T_1356[3]_i_1_n_0               |                6 |             12 |         2.00 |
|  clock_IBUF_BUFG |                                                         | gameTop/gameTop_reset                                     |                4 |             12 |         3.00 |
|  clock_IBUF_BUFG | gameTop/graphicEngineVGA/_T_706                         | gameTop/graphicEngineVGA/backMemoryCopyCounter[0]_i_1_n_0 |                3 |             12 |         4.00 |
|  clock_IBUF_BUFG | gameTop/graphicEngineVGA/restoreEnabled                 | gameTop/graphicEngineVGA/resetReleaseCounter_reg_6_sn_1   |                3 |             12 |         4.00 |
|  clock_IBUF_BUFG |                                                         | gameTop/graphicEngineVGA/resetReleaseCounter_reg_6_sn_1   |                8 |             19 |         2.38 |
|  clock_IBUF_BUFG |                                                         | gameTop/graphicEngineVGA/frameClockCount[0]_i_1_n_0       |                6 |             21 |         3.50 |
|  clock_IBUF_BUFG |                                                         | gameTop/debounceCounter[0]_i_1_n_0                        |                6 |             21 |         3.50 |
|  clock_IBUF_BUFG | gameTop/graphicEngineVGA/resetReleaseCounter_reg_6_sn_1 | gameTop/gameTop_reset                                     |                6 |             22 |         3.67 |
|  clock_IBUF_BUFG | gameTop/graphicEngineVGA/CounterXReg                    | gameTop/graphicEngineVGA/RSTD                             |               10 |             26 |         2.60 |
|  clock_IBUF_BUFG | gameTop/graphicEngineVGA/ScaleCounterReg_0              | gameTop/graphicEngineVGA/RSTC                             |               11 |             26 |         2.36 |
|  clock_IBUF_BUFG | gameTop/gameLogic/viewBoxYReg_0                         | gameTop/graphicEngineVGA/resetReleaseCounter_reg_6_sn_1   |               11 |             33 |         3.00 |
|  clock_IBUF_BUFG | gameTop/gameLogic/viewBoxXReg_0                         | gameTop/graphicEngineVGA/resetReleaseCounter_reg_6_sn_1   |               14 |             37 |         2.64 |
|  clock_IBUF_BUFG | gameTop/graphicEngineVGA/graphicEngineVGA_io_newFrame   | gameTop/graphicEngineVGA/resetReleaseCounter_reg_6_sn_1   |               22 |             70 |         3.18 |
|  clock_IBUF_BUFG |                                                         |                                                           |             2165 |           7146 |         3.30 |
+------------------+---------------------------------------------------------+-----------------------------------------------------------+------------------+----------------+--------------+


