Copyright 1986-2022 Xilinx, Inc. All Rights Reserved. Copyright 2022-2023 Advanced Micro Devices, Inc. All Rights Reserved.
---------------------------------------------------------------------------------------------------------------------------------------------
| Tool Version : Vivado v.2023.2 (win64) Build 4029153 Fri Oct 13 20:14:34 MDT 2023
| Date         : Wed Mar 12 14:08:28 2025
| Host         : Loff-pc running 64-bit major release  (build 9200)
| Command      : report_control_sets -verbose -file Top_control_sets_placed.rpt
| Design       : Top
| Device       : xc7a35t
---------------------------------------------------------------------------------------------------------------------------------------------

Control Set Information

Table of Contents
-----------------
1. Summary
2. Histogram
3. Flip-Flop Distribution
4. Detailed Control Set Information

1. Summary
----------

+----------------------------------------------------------+-------+
|                          Status                          | Count |
+----------------------------------------------------------+-------+
| Total control sets                                       |    50 |
|    Minimum number of control sets                        |    50 |
|    Addition due to synthesis replication                 |     0 |
|    Addition due to physical synthesis replication        |     0 |
| Unused register locations in slices containing registers |   191 |
+----------------------------------------------------------+-------+
* Control sets can be merged at opt_design using control_set_merge or merge_equivalent_drivers
** Run report_qor_suggestions for automated merging and remapping suggestions


2. Histogram
------------

+--------------------+-------+
|       Fanout       | Count |
+--------------------+-------+
| Total control sets |    50 |
| >= 0 to < 4        |     0 |
| >= 4 to < 6        |     2 |
| >= 6 to < 8        |     1 |
| >= 8 to < 10       |     9 |
| >= 10 to < 12      |     4 |
| >= 12 to < 14      |     3 |
| >= 14 to < 16      |     1 |
| >= 16              |    30 |
+--------------------+-------+
* Control sets can be remapped at either synth_design or opt_design


3. Flip-Flop Distribution
-------------------------

+--------------+-----------------------+------------------------+-----------------+--------------+
| Clock Enable | Synchronous Set/Reset | Asynchronous Set/Reset | Total Registers | Total Slices |
+--------------+-----------------------+------------------------+-----------------+--------------+
| No           | No                    | No                     |             102 |           46 |
| No           | No                    | Yes                    |               0 |            0 |
| No           | Yes                   | No                     |             509 |          137 |
| Yes          | No                    | No                     |               0 |            0 |
| Yes          | No                    | Yes                    |               0 |            0 |
| Yes          | Yes                   | No                     |             358 |           97 |
+--------------+-----------------------+------------------------+-----------------+--------------+


4. Detailed Control Set Information
-----------------------------------

+------------------+-------------------------------------------------------+--------------------------------------------------------------+------------------+----------------+--------------+
|   Clock Signal   |                     Enable Signal                     |                       Set/Reset Signal                       | Slice Load Count | Bel Load Count | Bels / Slice |
+------------------+-------------------------------------------------------+--------------------------------------------------------------+------------------+----------------+--------------+
|  clock_IBUF_BUFG | gameTop/debounceSampleEn                              | gameTop/soundEngine/gameTop_reset                            |                2 |              5 |         2.50 |
|  clock_IBUF_BUFG | gameTop/graphicEngineVGA/spriteXCounter               | gameTop/graphicEngineVGA/spriteXCounter[4]_i_1_n_0           |                2 |              5 |         2.50 |
|  clock_IBUF_BUFG |                                                       | gameTop/graphicEngineVGA/backBufferMemory/RamSpWf/p_0_out[6] |                4 |              6 |         1.50 |
|  clock_IBUF_BUFG | gameTop/soundEngine/_T_155                            | gameTop/soundEngine/toneIndex_7[8]_i_1_n_0                   |                2 |              9 |         4.50 |
|  clock_IBUF_BUFG | gameTop/soundEngine/_T_125                            | gameTop/soundEngine/toneIndex_5[8]_i_1_n_0                   |                2 |              9 |         4.50 |
|  clock_IBUF_BUFG | gameTop/soundEngine/_T_140                            | gameTop/soundEngine/toneIndex_6[8]_i_1_n_0                   |                2 |              9 |         4.50 |
|  clock_IBUF_BUFG | gameTop/soundEngine/_T_110                            | gameTop/soundEngine/toneIndex_4[8]_i_1_n_0                   |                2 |              9 |         4.50 |
|  clock_IBUF_BUFG | gameTop/soundEngine/_T_95                             | gameTop/soundEngine/toneIndex_3[8]_i_1_n_0                   |                3 |              9 |         3.00 |
|  clock_IBUF_BUFG | gameTop/gameLogic/sprite0YReg[9]_i_1_n_0              | gameTop/graphicEngineVGA/spriteXPositionReg_10               |                3 |              9 |         3.00 |
|  clock_IBUF_BUFG | gameTop/soundEngine/_T_80                             | gameTop/soundEngine/toneIndex_2[8]_i_1_n_0                   |                2 |              9 |         4.50 |
|  clock_IBUF_BUFG | gameTop/soundEngine/_T_65                             | gameTop/soundEngine/toneIndex_1[8]_i_1_n_0                   |                2 |              9 |         4.50 |
|  clock_IBUF_BUFG | gameTop/soundEngine/_T_50                             | gameTop/soundEngine/toneIndex_0[8]_i_1_n_0                   |                3 |              9 |         3.00 |
|  clock_IBUF_BUFG | gameTop/graphicEngineVGA/CounterXReg                  | gameTop/graphicEngineVGA/RSTD                                |                4 |             10 |         2.50 |
|  clock_IBUF_BUFG | gameTop/gameLogic/sprite0XReg[10]_i_1_n_0             | gameTop/graphicEngineVGA/spriteXPositionReg_10               |                3 |             10 |         3.33 |
|  clock_IBUF_BUFG | gameTop/graphicEngineVGA/ScaleCounterReg_0            | gameTop/graphicEngineVGA/RSTC                                |                2 |             10 |         5.00 |
|  clock_IBUF_BUFG | gameTop/graphicEngineVGA/indexcounter                 | gameTop/graphicEngineVGA/indexcounter[9]_i_1_n_0             |                4 |             10 |         2.50 |
|  clock_IBUF_BUFG |                                                       | gameTop/graphicEngineVGA/_T_1678[3]_i_1_n_0                  |                3 |             12 |         4.00 |
|  clock_IBUF_BUFG | gameTop/graphicEngineVGA/restoreEnabled               | gameTop/graphicEngineVGA/spriteXPositionReg_10               |                3 |             12 |         4.00 |
|  clock_IBUF_BUFG | gameTop/graphicEngineVGA/_T_198                       | gameTop/graphicEngineVGA/backMemoryCopyCounter[0]_i_1_n_0    |                3 |             12 |         4.00 |
|  clock_IBUF_BUFG |                                                       | gameTop/soundEngine/gameTop_reset                            |                6 |             15 |         2.50 |
|  clock_IBUF_BUFG |                                                       | gameTop/graphicEngineVGA/spriteXPositionReg_10               |                8 |             18 |         2.25 |
|  clock_IBUF_BUFG |                                                       | gameTop/soundEngine/slowCounter_7[0]_i_1_n_0                 |                5 |             20 |         4.00 |
|  clock_IBUF_BUFG |                                                       | gameTop/soundEngine/slowCounter_6[0]_i_1_n_0                 |                5 |             20 |         4.00 |
|  clock_IBUF_BUFG |                                                       | gameTop/soundEngine/slowCounter_5[0]_i_1_n_0                 |                5 |             20 |         4.00 |
|  clock_IBUF_BUFG | gameTop/soundEngine/_T_100                            | gameTop/soundEngine/cntMilliSecond_4[0]_i_1_n_0              |                5 |             20 |         4.00 |
|  clock_IBUF_BUFG | gameTop/soundEngine/_T_115                            | gameTop/soundEngine/cntMilliSecond_5[0]_i_1_n_0              |                5 |             20 |         4.00 |
|  clock_IBUF_BUFG | gameTop/soundEngine/_T_130                            | gameTop/soundEngine/cntMilliSecond_6[0]_i_1_n_0              |                5 |             20 |         4.00 |
|  clock_IBUF_BUFG | gameTop/soundEngine/_T_40                             | gameTop/soundEngine/cntMilliSecond_0[0]_i_1_n_0              |                5 |             20 |         4.00 |
|  clock_IBUF_BUFG | gameTop/soundEngine/_T_145                            | gameTop/soundEngine/cntMilliSecond_7[0]_i_1_n_0              |                5 |             20 |         4.00 |
|  clock_IBUF_BUFG | gameTop/soundEngine/_T_55                             | gameTop/soundEngine/cntMilliSecond_1[0]_i_1_n_0              |                5 |             20 |         4.00 |
|  clock_IBUF_BUFG | gameTop/soundEngine/_T_85                             | gameTop/soundEngine/cntMilliSecond_3[0]_i_1_n_0              |                5 |             20 |         4.00 |
|  clock_IBUF_BUFG |                                                       | gameTop/soundEngine/slowCounter_0[0]_i_1_n_0                 |                5 |             20 |         4.00 |
|  clock_IBUF_BUFG |                                                       | gameTop/soundEngine/slowCounter_1[0]_i_1_n_0                 |                5 |             20 |         4.00 |
|  clock_IBUF_BUFG |                                                       | gameTop/soundEngine/slowCounter_2[0]_i_1_n_0                 |                5 |             20 |         4.00 |
|  clock_IBUF_BUFG |                                                       | gameTop/soundEngine/slowCounter_4[0]_i_1_n_0                 |                5 |             20 |         4.00 |
|  clock_IBUF_BUFG |                                                       | gameTop/soundEngine/slowCounter_3[0]_i_1_n_0                 |                5 |             20 |         4.00 |
|  clock_IBUF_BUFG | gameTop/soundEngine/_T_70                             | gameTop/soundEngine/cntMilliSecond_2[0]_i_1_n_0              |                5 |             20 |         4.00 |
|  clock_IBUF_BUFG |                                                       | gameTop/debounceCounter[0]_i_1_n_0                           |                6 |             21 |         3.50 |
|  clock_IBUF_BUFG |                                                       | gameTop/graphicEngineVGA/frameClockCount[0]_i_1_n_0          |                6 |             21 |         3.50 |
|  clock_IBUF_BUFG | gameTop/graphicEngineVGA/graphicEngineVGA_io_newFrame | gameTop/graphicEngineVGA/spriteXPositionReg_10               |                7 |             21 |         3.00 |
|  clock_IBUF_BUFG | gameTop/graphicEngineVGA/spriteXPositionReg_10        | gameTop/soundEngine/gameTop_reset                            |                6 |             22 |         3.67 |
|  clock_IBUF_BUFG |                                                       | gameTop/soundEngine/tone_6/RamInitSpWf/pipeResetReg_0_reg_0  |                8 |             32 |         4.00 |
|  clock_IBUF_BUFG |                                                       | gameTop/soundEngine/tone_5/RamInitSpWf/pipeResetReg_0_reg_0  |                8 |             32 |         4.00 |
|  clock_IBUF_BUFG |                                                       | gameTop/soundEngine/tone_3/RamInitSpWf/pipeResetReg_0_reg_0  |                8 |             32 |         4.00 |
|  clock_IBUF_BUFG |                                                       | gameTop/soundEngine/tone_7/RamInitSpWf/pipeResetReg_0_reg_0  |                8 |             32 |         4.00 |
|  clock_IBUF_BUFG |                                                       | gameTop/soundEngine/tone_2/RamInitSpWf/pipeResetReg_0_reg_0  |                8 |             32 |         4.00 |
|  clock_IBUF_BUFG |                                                       | gameTop/soundEngine/tone_4/RamInitSpWf/pipeResetReg_0_reg_0  |                8 |             32 |         4.00 |
|  clock_IBUF_BUFG |                                                       | gameTop/soundEngine/tone_1/RamInitSpWf/pipeResetReg_0_reg    |                8 |             32 |         4.00 |
|  clock_IBUF_BUFG |                                                       | gameTop/soundEngine/tone_0/RamInitSpWf/pipeResetReg_0_reg    |                8 |             32 |         4.00 |
|  clock_IBUF_BUFG |                                                       |                                                              |               46 |            105 |         2.28 |
+------------------+-------------------------------------------------------+--------------------------------------------------------------+------------------+----------------+--------------+


