#-----------------------------------------------------------
# Vivado v2025.1 (64-bit)
# SW Build 6140274 on Wed May 21 22:58:25 MDT 2025
# IP Build 6138677 on Thu May 22 03:10:11 MDT 2025
# SharedData Build 6139179 on Tue May 20 17:58:58 MDT 2025
# Start of session at: Sat Jun 21 22:40:06 2025
# Process ID         : 157101
# Current directory  : /home/swaggo/Code/Fag/Fag_project/vivado/Basys3Game/Basys3Game.runs/synth_1
# Command line       : vivado -log Top.vds -product Vivado -mode batch -messageDb vivado.pb -notrace -source Top.tcl
# Log file           : /home/swaggo/Code/Fag/Fag_project/vivado/Basys3Game/Basys3Game.runs/synth_1/Top.vds
# Journal file       : /home/swaggo/Code/Fag/Fag_project/vivado/Basys3Game/Basys3Game.runs/synth_1/vivado.jou
# Running On         : SwigSwag
# Platform           : Ubuntu
# Operating System   : Ubuntu 22.04.5 LTS
# Processor Detail   : Intel(R) Core(TM) i7-8850H CPU @ 2.60GHz
# CPU Frequency      : 3900.729 MHz
# CPU Physical cores : 6
# CPU Logical cores  : 12
# Host memory        : 16558 MB
# Swap memory        : 2147 MB
# Total Virtual      : 18705 MB
# Available Virtual  : 7205 MB
#-----------------------------------------------------------
source Top.tcl -notrace
