Copyright 1986-2022 Xilinx, Inc. All Rights Reserved. Copyright 2022-2025 Advanced Micro Devices, Inc. All Rights Reserved.
---------------------------------------------------------------------------------------------------------------------------------------------
| Tool Version : Vivado v.2025.1 (lin64) Build 6140274 Wed May 21 22:58:25 MDT 2025
| Date         : Mon Jun 23 13:01:18 2025
| Host         : SwigSwag running 64-bit Ubuntu 22.04.5 LTS
| Command      : report_control_sets -verbose -file Top_control_sets_placed.rpt
| Design       : Top
| Device       : xc7a100t
---------------------------------------------------------------------------------------------------------------------------------------------

Control Set Information

Table of Contents
-----------------
1. Summary
2. Histogram
3. Flip-Flop Distribution
4. Detailed Control Set Information

1. Summary
----------

+----------------------------------------------------------+-------+
|                          Status                          | Count |
+----------------------------------------------------------+-------+
| Total control sets                                       |   102 |
|    Minimum number of control sets                        |   102 |
|    Addition due to synthesis replication                 |     0 |
|    Addition due to physical synthesis replication        |     0 |
| Unused register locations in slices containing registers |   424 |
+----------------------------------------------------------+-------+
* Control sets can be merged at opt_design using control_set_merge or merge_equivalent_drivers
** Run report_qor_suggestions for automated merging and remapping suggestions


2. Histogram
------------

+--------------------+-------+
|       Fanout       | Count |
+--------------------+-------+
| Total control sets |   102 |
| >= 0 to < 4        |     1 |
| >= 4 to < 6        |    11 |
| >= 6 to < 8        |     6 |
| >= 8 to < 10       |    11 |
| >= 10 to < 12      |    31 |
| >= 12 to < 14      |     3 |
| >= 14 to < 16      |     1 |
| >= 16              |    38 |
+--------------------+-------+
* Control sets can be remapped at either synth_design or opt_design


3. Flip-Flop Distribution
-------------------------

+--------------+-----------------------+------------------------+-----------------+--------------+
| Clock Enable | Synchronous Set/Reset | Asynchronous Set/Reset | Total Registers | Total Slices |
+--------------+-----------------------+------------------------+-----------------+--------------+
| No           | No                    | No                     |             502 |          293 |
| No           | No                    | Yes                    |               0 |            0 |
| No           | Yes                   | No                     |            1200 |          351 |
| Yes          | No                    | No                     |              11 |            4 |
| Yes          | No                    | Yes                    |               0 |            0 |
| Yes          | Yes                   | No                     |            1503 |          554 |
+--------------+-----------------------+------------------------+-----------------+--------------+


4. Detailed Control Set Information
-----------------------------------

+------------------+-------------------------------------------------------+-----------------------------------------------------------+------------------+----------------+--------------+
|   Clock Signal   |                     Enable Signal                     |                      Set/Reset Signal                     | Slice Load Count | Bel Load Count | Bels / Slice |
+------------------+-------------------------------------------------------+-----------------------------------------------------------+------------------+----------------+--------------+
|  clock_IBUF_BUFG | gameTop/gameLogic/shotCnt[9]_i_1_n_0                  | gameTop/gameLogic/shotCnt[3]_i_1_n_0                      |                1 |              3 |         3.00 |
|  clock_IBUF_BUFG | gameTop/gameLogic/Ystart_0[8]_i_1_n_0                 | gameTop/gameLogic/Randomizer_38/SR[0]                     |                1 |              4 |         4.00 |
|  clock_IBUF_BUFG |                                                       | gameTop/gameLogic/spriteVisibleReg_26_i_1__0_n_0          |                2 |              4 |         2.00 |
|  clock_IBUF_BUFG |                                                       | gameTop/gameLogic/spriteVisibleReg_30_i_1__0_n_0          |                2 |              4 |         2.00 |
|  clock_IBUF_BUFG | gameTop/gameLogic/CEA2                                | gameTop/gameLogic/count3[3]_i_1_n_0                       |                1 |              4 |         4.00 |
|  clock_IBUF_BUFG | gameTop/gameLogic/cngCnt[3]_i_2_n_0                   | gameTop/gameLogic/cngCnt[3]_i_1_n_0                       |                1 |              4 |         4.00 |
|  clock_IBUF_BUFG | gameTop/gameLogic/secCnt[3]_i_2_n_0                   | gameTop/gameLogic/secCnt[3]_i_1_n_0                       |                1 |              4 |         4.00 |
|  clock_IBUF_BUFG | gameTop/gameLogic/secCnt[7]_i_2_n_0                   | gameTop/gameLogic/secCnt[7]_i_1_n_0                       |                2 |              4 |         2.00 |
|  clock_IBUF_BUFG | gameTop/gameLogic/stateReg0                           |                                                           |                1 |              4 |         4.00 |
|  clock_IBUF_BUFG | gameTop/gameLogic/Randomizer_35/_T_11_n_0             | gameTop/gameLogic/Randomizer_38/SR[0]                     |                1 |              5 |         5.00 |
|  clock_IBUF_BUFG | gameTop/gameLogic/planetHp                            | gameTop/gameLogic/Randomizer_38/SR[0]                     |                1 |              5 |         5.00 |
|  clock_IBUF_BUFG | gameTop/gameLogic/viewX                               | gameTop/gameLogic/Randomizer_38/SR[0]                     |                2 |              5 |         2.50 |
|  clock_IBUF_BUFG |                                                       | gameTop/gameLogic/shotCntBig[2]_i_1_n_0                   |                1 |              6 |         6.00 |
|  clock_IBUF_BUFG | gameTop/gameLogic/spwnProt                            | gameTop/gameLogic/spwnProt[5]_i_1_n_0                     |                2 |              6 |         3.00 |
|  clock_IBUF_BUFG |                                                       | gameTop/graphicEngineVGA/pixelColorBack                   |                4 |              6 |         1.50 |
|  clock_IBUF_BUFG | gameTop/gameLogic/Ystart_0[10]_i_1_n_0                | gameTop/gameLogic/Xstart_0[10]_i_1_n_0                    |                3 |              7 |         2.33 |
|  clock_IBUF_BUFG | gameTop/gameLogic/count1                              | gameTop/gameLogic/count1[6]_i_1_n_0                       |                2 |              7 |         3.50 |
|  clock_IBUF_BUFG | gameTop/gameLogic/shotCnt[9]_i_1_n_0                  |                                                           |                3 |              7 |         2.33 |
|  clock_IBUF_BUFG |                                                       | gameTop/graphicEngineVGA/spriteVisibleReg_18_i_1_n_0      |                3 |              8 |         2.67 |
|  clock_IBUF_BUFG | gameTop/soundEngine/_T_110                            | gameTop/soundEngine/toneIndex_4[8]_i_1_n_0                |                2 |              9 |         4.50 |
|  clock_IBUF_BUFG | gameTop/gameLogic/Xstart_0[10]_i_2_n_0                | gameTop/gameLogic/Xstart_0[10]_i_1_n_0                    |                3 |              9 |         3.00 |
|  clock_IBUF_BUFG | gameTop/debounceSampleEn                              | gameTop/soundEngine/gameTop_reset                         |                6 |              9 |         1.50 |
|  clock_IBUF_BUFG | gameTop/soundEngine/_T_95                             | gameTop/soundEngine/toneIndex_3[8]_i_1_n_0                |                3 |              9 |         3.00 |
|  clock_IBUF_BUFG | gameTop/soundEngine/_T_125                            | gameTop/soundEngine/toneIndex_5[8]_i_1_n_0                |                3 |              9 |         3.00 |
|  clock_IBUF_BUFG | gameTop/soundEngine/_T_80                             | gameTop/soundEngine/toneIndex_2[8]_i_1_n_0                |                2 |              9 |         4.50 |
|  clock_IBUF_BUFG | gameTop/soundEngine/_T_65                             | gameTop/soundEngine/toneIndex_1[8]_i_1_n_0                |                2 |              9 |         4.50 |
|  clock_IBUF_BUFG | gameTop/soundEngine/_T_50                             | gameTop/soundEngine/toneIndex_0[8]_i_1_n_0                |                2 |              9 |         4.50 |
|  clock_IBUF_BUFG | gameTop/soundEngine/_T_155                            | gameTop/soundEngine/toneIndex_7[8]_i_1_n_0                |                2 |              9 |         4.50 |
|  clock_IBUF_BUFG | gameTop/soundEngine/_T_140                            | gameTop/soundEngine/toneIndex_6[8]_i_1_n_0                |                2 |              9 |         4.50 |
|  clock_IBUF_BUFG | gameTop/gameLogic/Ystart_124                          | gameTop/gameLogic/Randomizer_38/SR[0]                     |                3 |             10 |         3.33 |
|  clock_IBUF_BUFG | gameTop/gameLogic/Ystart_125[8]_i_1_n_0               | gameTop/gameLogic/Randomizer_38/SR[0]                     |                3 |             10 |         3.33 |
|  clock_IBUF_BUFG | gameTop/gameLogic/Ystart_126                          | gameTop/gameLogic/Randomizer_38/SR[0]                     |                4 |             10 |         2.50 |
|  clock_IBUF_BUFG | gameTop/gameLogic/Ystart_123                          | gameTop/gameLogic/Randomizer_38/SR[0]                     |                4 |             10 |         2.50 |
|  clock_IBUF_BUFG | gameTop/gameLogic/Ystart_127                          | gameTop/gameLogic/Randomizer_38/SR[0]                     |                3 |             10 |         3.33 |
|  clock_IBUF_BUFG | gameTop/gameLogic/Ystart_13                           | gameTop/gameLogic/Randomizer_38/SR[0]                     |                3 |             10 |         3.33 |
|  clock_IBUF_BUFG | gameTop/gameLogic/Ystart_14                           | gameTop/gameLogic/Randomizer_38/SR[0]                     |                3 |             10 |         3.33 |
|  clock_IBUF_BUFG | gameTop/gameLogic/Ystart_15                           | gameTop/gameLogic/Randomizer_38/SR[0]                     |                3 |             10 |         3.33 |
|  clock_IBUF_BUFG | gameTop/gameLogic/Ystart_16                           | gameTop/gameLogic/Randomizer_38/SR[0]                     |                2 |             10 |         5.00 |
|  clock_IBUF_BUFG | gameTop/gameLogic/Ystart_2[9]_i_1_n_0                 | gameTop/gameLogic/Randomizer_38/SR[0]                     |                3 |             10 |         3.33 |
|  clock_IBUF_BUFG | gameTop/gameLogic/Ystart_3                            | gameTop/gameLogic/Randomizer_38/SR[0]                     |                4 |             10 |         2.50 |
|  clock_IBUF_BUFG | gameTop/gameLogic/Ystart_4                            | gameTop/gameLogic/Randomizer_38/SR[0]                     |                4 |             10 |         2.50 |
|  clock_IBUF_BUFG | gameTop/gameLogic/Ystart_5                            | gameTop/gameLogic/Randomizer_38/SR[0]                     |                5 |             10 |         2.00 |
|  clock_IBUF_BUFG | gameTop/gameLogic/Ystart_6[9]_i_1_n_0                 | gameTop/gameLogic/Randomizer_38/SR[0]                     |                6 |             10 |         1.67 |
|  clock_IBUF_BUFG | gameTop/gameLogic/Ystart_7[9]_i_1_n_0                 | gameTop/gameLogic/Randomizer_38/SR[0]                     |                4 |             10 |         2.50 |
|  clock_IBUF_BUFG | gameTop/gameLogic/Ystart_8                            | gameTop/gameLogic/Randomizer_38/SR[0]                     |                3 |             10 |         3.33 |
|  clock_IBUF_BUFG | gameTop/gameLogic/Ystart_9[9]_i_1_n_0                 | gameTop/gameLogic/Randomizer_38/SR[0]                     |                2 |             10 |         5.00 |
|  clock_IBUF_BUFG | gameTop/gameLogic/die_0                               | gameTop/gameLogic/cnt[9]_i_1_n_0                          |                3 |             10 |         3.33 |
|  clock_IBUF_BUFG | gameTop/gameLogic/Ystart_12                           | gameTop/gameLogic/Randomizer_38/SR[0]                     |                3 |             10 |         3.33 |
|  clock_IBUF_BUFG | gameTop/gameLogic/Ystart_122                          | gameTop/gameLogic/Randomizer_38/SR[0]                     |                5 |             10 |         2.00 |
|  clock_IBUF_BUFG | gameTop/gameLogic/Ystart_10                           | gameTop/gameLogic/Randomizer_38/SR[0]                     |                3 |             10 |         3.33 |
|  clock_IBUF_BUFG | gameTop/gameLogic/Ystart_11                           | gameTop/gameLogic/Randomizer_38/SR[0]                     |                3 |             10 |         3.33 |
|  clock_IBUF_BUFG | gameTop/gameLogic/Xstart_17[10]_i_1_n_0               | gameTop/gameLogic/Randomizer_38/SR[0]                     |                5 |             11 |         2.20 |
|  clock_IBUF_BUFG | gameTop/gameLogic/Xstart_16[10]_i_1_n_0               | gameTop/gameLogic/Randomizer_38/SR[0]                     |                7 |             11 |         1.57 |
|  clock_IBUF_BUFG | gameTop/gameLogic/Ystart_17                           | gameTop/gameLogic/Randomizer_38/SR[0]                     |                3 |             11 |         3.67 |
|  clock_IBUF_BUFG | gameTop/gameLogic/Xstart_127                          | gameTop/gameLogic/Randomizer_38/SR[0]                     |                2 |             11 |         5.50 |
|  clock_IBUF_BUFG | gameTop/gameLogic/Xstart_126                          | gameTop/gameLogic/Randomizer_38/SR[0]                     |                3 |             11 |         3.67 |
|  clock_IBUF_BUFG | gameTop/gameLogic/Xstart_124                          | gameTop/gameLogic/Randomizer_38/SR[0]                     |                4 |             11 |         2.75 |
|  clock_IBUF_BUFG | gameTop/gameLogic/Xstart_123                          | gameTop/gameLogic/Randomizer_38/SR[0]                     |                5 |             11 |         2.20 |
|  clock_IBUF_BUFG | gameTop/gameLogic/Xstart_122                          | gameTop/gameLogic/Randomizer_38/SR[0]                     |                3 |             11 |         3.67 |
|  clock_IBUF_BUFG | gameTop/gameLogic/Xstart_10                           | gameTop/gameLogic/Randomizer_38/SR[0]                     |                8 |             11 |         1.38 |
|  clock_IBUF_BUFG |                                                       | gameTop/graphicEngineVGA/_T_4655[3]_i_1_n_0               |                3 |             12 |         4.00 |
|  clock_IBUF_BUFG | gameTop/graphicEngineVGA/_T_365                       | gameTop/graphicEngineVGA/backMemoryCopyCounter[0]_i_1_n_0 |                3 |             12 |         4.00 |
|  clock_IBUF_BUFG | gameTop/graphicEngineVGA/restoreEnabled               | gameTop/gameLogic/Randomizer_38/SR[0]                     |                3 |             12 |         4.00 |
|  clock_IBUF_BUFG |                                                       | gameTop/graphicEngineVGA/_T_3805_1_i_1_n_0                |               13 |             15 |         1.15 |
|  clock_IBUF_BUFG | gameTop/graphicEngineVGA/ScaleCounterReg              | gameTop/graphicEngineVGA/RSTC                             |                6 |             18 |         3.00 |
|  clock_IBUF_BUFG | gameTop/soundEngine/_T_55                             | gameTop/soundEngine/cntMilliSecond_1[0]_i_1_n_0           |                5 |             20 |         4.00 |
|  clock_IBUF_BUFG | gameTop/soundEngine/_T_40                             | gameTop/soundEngine/cntMilliSecond_0[0]_i_1_n_0           |                5 |             20 |         4.00 |
|  clock_IBUF_BUFG | gameTop/soundEngine/_T_145                            | gameTop/soundEngine/cntMilliSecond_7[0]_i_1_n_0           |                5 |             20 |         4.00 |
|  clock_IBUF_BUFG | gameTop/soundEngine/_T_130                            | gameTop/soundEngine/cntMilliSecond_6[0]_i_1_n_0           |                5 |             20 |         4.00 |
|  clock_IBUF_BUFG | gameTop/soundEngine/_T_115                            | gameTop/soundEngine/cntMilliSecond_5[0]_i_1_n_0           |                5 |             20 |         4.00 |
|  clock_IBUF_BUFG | gameTop/soundEngine/_T_100                            | gameTop/soundEngine/cntMilliSecond_4[0]_i_1_n_0           |                5 |             20 |         4.00 |
|  clock_IBUF_BUFG | gameTop/soundEngine/_T_70                             | gameTop/soundEngine/cntMilliSecond_2[0]_i_1_n_0           |                5 |             20 |         4.00 |
|  clock_IBUF_BUFG | gameTop/soundEngine/_T_85                             | gameTop/soundEngine/cntMilliSecond_3[0]_i_1_n_0           |                5 |             20 |         4.00 |
|  clock_IBUF_BUFG |                                                       | gameTop/soundEngine/slowCounter_0[0]_i_1_n_0              |                5 |             20 |         4.00 |
|  clock_IBUF_BUFG |                                                       | gameTop/soundEngine/slowCounter_1[0]_i_1_n_0              |                5 |             20 |         4.00 |
|  clock_IBUF_BUFG |                                                       | gameTop/soundEngine/slowCounter_2[0]_i_1_n_0              |                5 |             20 |         4.00 |
|  clock_IBUF_BUFG |                                                       | gameTop/soundEngine/slowCounter_3[0]_i_1_n_0              |                5 |             20 |         4.00 |
|  clock_IBUF_BUFG |                                                       | gameTop/soundEngine/slowCounter_4[0]_i_1_n_0              |                5 |             20 |         4.00 |
|  clock_IBUF_BUFG |                                                       | gameTop/soundEngine/slowCounter_5[0]_i_1_n_0              |                5 |             20 |         4.00 |
|  clock_IBUF_BUFG |                                                       | gameTop/soundEngine/slowCounter_6[0]_i_1_n_0              |                5 |             20 |         4.00 |
|  clock_IBUF_BUFG |                                                       | gameTop/soundEngine/slowCounter_7[0]_i_1_n_0              |                5 |             20 |         4.00 |
|  clock_IBUF_BUFG | gameTop/graphicEngineVGA/CounterXReg                  | gameTop/graphicEngineVGA/RSTD                             |                8 |             21 |         2.62 |
|  clock_IBUF_BUFG |                                                       | gameTop/graphicEngineVGA/frameClockCount[0]_i_1_n_0       |                6 |             21 |         3.50 |
|  clock_IBUF_BUFG |                                                       | gameTop/debounceCounter[0]_i_1_n_0                        |                6 |             21 |         3.50 |
|  clock_IBUF_BUFG | gameTop/gameLogic/Randomizer_38/SR[0]                 | gameTop/soundEngine/gameTop_reset                         |                6 |             22 |         3.67 |
|  clock_IBUF_BUFG | gameTop/gameLogic/Xstart_11                           | gameTop/gameLogic/Randomizer_38/SR[0]                     |               11 |             22 |         2.00 |
|  clock_IBUF_BUFG |                                                       | gameTop/soundEngine/gameTop_reset                         |               10 |             27 |         2.70 |
|  clock_IBUF_BUFG |                                                       | gameTop/soundEngine/tone_5/RamInitSpWf/pipeResetReg_0_reg |                8 |             32 |         4.00 |
|  clock_IBUF_BUFG |                                                       | gameTop/soundEngine/tone_4/RamInitSpWf/pipeResetReg_0_reg |                8 |             32 |         4.00 |
|  clock_IBUF_BUFG |                                                       | gameTop/soundEngine/tone_6/RamInitSpWf/pipeResetReg_0_reg |                8 |             32 |         4.00 |
|  clock_IBUF_BUFG |                                                       | gameTop/soundEngine/tone_3/RamInitSpWf/pipeResetReg_0_reg |                8 |             32 |         4.00 |
|  clock_IBUF_BUFG |                                                       | gameTop/soundEngine/tone_2/RamInitSpWf/pipeResetReg_0_reg |                8 |             32 |         4.00 |
|  clock_IBUF_BUFG |                                                       | gameTop/soundEngine/tone_1/RamInitSpWf/pipeResetReg_0_reg |                8 |             32 |         4.00 |
|  clock_IBUF_BUFG |                                                       | gameTop/soundEngine/tone_0/RamInitSpWf/pipeResetReg_0_reg |                8 |             32 |         4.00 |
|  clock_IBUF_BUFG |                                                       | gameTop/soundEngine/tone_7/RamInitSpWf/pipeResetReg_0_reg |                8 |             32 |         4.00 |
|  clock_IBUF_BUFG | gameTop/gameLogic/Xstart_13                           | gameTop/gameLogic/Randomizer_38/SR[0]                     |               19 |             33 |         1.74 |
|  clock_IBUF_BUFG | gameTop/gameLogic/Xstart_7[10]_i_1_n_0                | gameTop/gameLogic/Randomizer_38/SR[0]                     |               22 |             33 |         1.50 |
|  clock_IBUF_BUFG | gameTop/gameLogic/Xstart_2                            | gameTop/gameLogic/Randomizer_38/SR[0]                     |               28 |             55 |         1.96 |
|  clock_IBUF_BUFG | gameTop/gameLogic/die_0                               | gameTop/gameLogic/Randomizer_38/SR[0]                     |               24 |             80 |         3.33 |
|  clock_IBUF_BUFG |                                                       |                                                           |              293 |            505 |         1.72 |
|  clock_IBUF_BUFG | gameTop/graphicEngineVGA/graphicEngineVGA_io_newFrame | gameTop/gameLogic/Randomizer_38/SR[0]                     |              223 |            568 |         2.55 |
|  clock_IBUF_BUFG |                                                       | gameTop/gameLogic/Randomizer_38/SR[0]                     |              197 |            660 |         3.35 |
+------------------+-------------------------------------------------------+-----------------------------------------------------------+------------------+----------------+--------------+


