Copyright 1986-2022 Xilinx, Inc. All Rights Reserved. Copyright 2022-2025 Advanced Micro Devices, Inc. All Rights Reserved.
-----------------------------------------------------------------------------------------------------------------------------------------------
| Tool Version : Vivado v.2025.1 (lin64) Build 6140274 Wed May 21 22:58:25 MDT 2025
| Date         : Mon Jun 23 20:55:33 2025
| Host         : SwigSwag running 64-bit Ubuntu 22.04.5 LTS
| Command      : report_methodology -file Top_methodology_drc_routed.rpt -pb Top_methodology_drc_routed.pb -rpx Top_methodology_drc_routed.rpx
| Design       : Top
| Device       : xc7a100tcsg324-1
| Speed File   : -1
| Design State : Fully Routed
-----------------------------------------------------------------------------------------------------------------------------------------------

Report Methodology

Table of Contents
-----------------
1. REPORT SUMMARY
2. REPORT DETAILS

1. REPORT SUMMARY
-----------------
            Netlist: netlist
          Floorplan: design_1
      Design limits: <entire design considered>
             Max checks: <unlimited>
             Checks found: 162
+-----------+----------+--------------------------------------------+--------+
| Rule      | Severity | Description                                | Checks |
+-----------+----------+--------------------------------------------+--------+
| SYNTH-6   | Warning  | Timing of a RAM block might be sub-optimal | 83     |
| TIMING-16 | Warning  | Large setup violation                      | 52     |
| TIMING-18 | Warning  | Missing input or output delay              | 27     |
+-----------+----------+--------------------------------------------+--------+

2. REPORT DETAILS
-----------------
SYNTH-6#1 Warning
Timing of a RAM block might be sub-optimal  
The timing for the instance gameTop/graphicEngineVGA/backBufferRestoreMemories_0/RamInitSpWf/RAM_reg, implemented as a RAM block, might be sub-optimal as no output register was merged into the block.
Related violations: <none>

SYNTH-6#2 Warning
Timing of a RAM block might be sub-optimal  
The timing for the instance gameTop/graphicEngineVGA/backBufferRestoreMemories_1/RamInitSpWf/RAM_reg, implemented as a RAM block, might be sub-optimal as no output register was merged into the block.
Related violations: <none>

SYNTH-6#3 Warning
Timing of a RAM block might be sub-optimal  
The timing for the instance gameTop/graphicEngineVGA/backBufferShadowMemories_0/RamSpWf/RAM_reg, implemented as a RAM block, might be sub-optimal as no output register was merged into the block.
Related violations: <none>

SYNTH-6#4 Warning
Timing of a RAM block might be sub-optimal  
The timing for the instance gameTop/graphicEngineVGA/backBufferShadowMemories_1/RamSpWf/RAM_reg, implemented as a RAM block, might be sub-optimal as no output register was merged into the block.
Related violations: <none>

SYNTH-6#5 Warning
Timing of a RAM block might be sub-optimal  
The timing for the instance gameTop/graphicEngineVGA/rotation45deg_11/RamInitSpWf/RAM_reg_0, implemented as a RAM block, might be sub-optimal as no output register was merged into the block.
Related violations: <none>

SYNTH-6#6 Warning
Timing of a RAM block might be sub-optimal  
The timing for the instance gameTop/graphicEngineVGA/rotation45deg_11/RamInitSpWf/RAM_reg_1, implemented as a RAM block, might be sub-optimal as no output register was merged into the block.
Related violations: <none>

SYNTH-6#7 Warning
Timing of a RAM block might be sub-optimal  
The timing for the instance gameTop/graphicEngineVGA/rotation45deg_13/RamInitSpWf/RAM_reg_0, implemented as a RAM block, might be sub-optimal as no output register was merged into the block.
Related violations: <none>

SYNTH-6#8 Warning
Timing of a RAM block might be sub-optimal  
The timing for the instance gameTop/graphicEngineVGA/rotation45deg_13/RamInitSpWf/RAM_reg_1, implemented as a RAM block, might be sub-optimal as no output register was merged into the block.
Related violations: <none>

SYNTH-6#9 Warning
Timing of a RAM block might be sub-optimal  
The timing for the instance gameTop/graphicEngineVGA/rotation45deg_15/RamInitSpWf/RAM_reg_0, implemented as a RAM block, might be sub-optimal as no output register was merged into the block.
Related violations: <none>

SYNTH-6#10 Warning
Timing of a RAM block might be sub-optimal  
The timing for the instance gameTop/graphicEngineVGA/rotation45deg_15/RamInitSpWf/RAM_reg_1, implemented as a RAM block, might be sub-optimal as no output register was merged into the block.
Related violations: <none>

SYNTH-6#11 Warning
Timing of a RAM block might be sub-optimal  
The timing for the instance gameTop/graphicEngineVGA/rotation45deg_17/RamInitSpWf/RAM_reg_0, implemented as a RAM block, might be sub-optimal as no output register was merged into the block.
Related violations: <none>

SYNTH-6#12 Warning
Timing of a RAM block might be sub-optimal  
The timing for the instance gameTop/graphicEngineVGA/rotation45deg_17/RamInitSpWf/RAM_reg_1, implemented as a RAM block, might be sub-optimal as no output register was merged into the block.
Related violations: <none>

SYNTH-6#13 Warning
Timing of a RAM block might be sub-optimal  
The timing for the instance gameTop/graphicEngineVGA/rotation45deg_7/RamInitSpWf/RAM_reg_0, implemented as a RAM block, might be sub-optimal as no output register was merged into the block.
Related violations: <none>

SYNTH-6#14 Warning
Timing of a RAM block might be sub-optimal  
The timing for the instance gameTop/graphicEngineVGA/rotation45deg_7/RamInitSpWf/RAM_reg_1, implemented as a RAM block, might be sub-optimal as no output register was merged into the block.
Related violations: <none>

SYNTH-6#15 Warning
Timing of a RAM block might be sub-optimal  
The timing for the instance gameTop/graphicEngineVGA/rotation45deg_9/RamInitSpWf/RAM_reg_0, implemented as a RAM block, might be sub-optimal as no output register was merged into the block.
Related violations: <none>

SYNTH-6#16 Warning
Timing of a RAM block might be sub-optimal  
The timing for the instance gameTop/graphicEngineVGA/rotation45deg_9/RamInitSpWf/RAM_reg_1, implemented as a RAM block, might be sub-optimal as no output register was merged into the block.
Related violations: <none>

SYNTH-6#17 Warning
Timing of a RAM block might be sub-optimal  
The timing for the instance gameTop/graphicEngineVGA/spriteMemories_0/RamInitSpWf/RAM_reg, implemented as a RAM block, might be sub-optimal as no output register was merged into the block.
Related violations: <none>

SYNTH-6#18 Warning
Timing of a RAM block might be sub-optimal  
The timing for the instance gameTop/graphicEngineVGA/spriteMemories_1/RamInitSpWf/RAM_reg, implemented as a RAM block, might be sub-optimal as no output register was merged into the block.
Related violations: <none>

SYNTH-6#19 Warning
Timing of a RAM block might be sub-optimal  
The timing for the instance gameTop/graphicEngineVGA/spriteMemories_11/RamInitSpWf/RAM_reg, implemented as a RAM block, might be sub-optimal as no output register was merged into the block.
Related violations: <none>

SYNTH-6#20 Warning
Timing of a RAM block might be sub-optimal  
The timing for the instance gameTop/graphicEngineVGA/spriteMemories_121/RamInitSpWf/RAM_reg, implemented as a RAM block, might be sub-optimal as no output register was merged into the block.
Related violations: <none>

SYNTH-6#21 Warning
Timing of a RAM block might be sub-optimal  
The timing for the instance gameTop/graphicEngineVGA/spriteMemories_122/RamInitSpWf/RAM_reg, implemented as a RAM block, might be sub-optimal as no output register was merged into the block.
Related violations: <none>

SYNTH-6#22 Warning
Timing of a RAM block might be sub-optimal  
The timing for the instance gameTop/graphicEngineVGA/spriteMemories_123/RamInitSpWf/RAM_reg, implemented as a RAM block, might be sub-optimal as no output register was merged into the block.
Related violations: <none>

SYNTH-6#23 Warning
Timing of a RAM block might be sub-optimal  
The timing for the instance gameTop/graphicEngineVGA/spriteMemories_124/RamInitSpWf/RAM_reg, implemented as a RAM block, might be sub-optimal as no output register was merged into the block.
Related violations: <none>

SYNTH-6#24 Warning
Timing of a RAM block might be sub-optimal  
The timing for the instance gameTop/graphicEngineVGA/spriteMemories_125/RamInitSpWf/RAM_reg, implemented as a RAM block, might be sub-optimal as no output register was merged into the block.
Related violations: <none>

SYNTH-6#25 Warning
Timing of a RAM block might be sub-optimal  
The timing for the instance gameTop/graphicEngineVGA/spriteMemories_126/RamInitSpWf/RAM_reg, implemented as a RAM block, might be sub-optimal as no output register was merged into the block.
Related violations: <none>

SYNTH-6#26 Warning
Timing of a RAM block might be sub-optimal  
The timing for the instance gameTop/graphicEngineVGA/spriteMemories_127/RamInitSpWf/RAM_reg, implemented as a RAM block, might be sub-optimal as no output register was merged into the block.
Related violations: <none>

SYNTH-6#27 Warning
Timing of a RAM block might be sub-optimal  
The timing for the instance gameTop/graphicEngineVGA/spriteMemories_13/RamInitSpWf/RAM_reg, implemented as a RAM block, might be sub-optimal as no output register was merged into the block.
Related violations: <none>

SYNTH-6#28 Warning
Timing of a RAM block might be sub-optimal  
The timing for the instance gameTop/graphicEngineVGA/spriteMemories_15/RamInitSpWf/RAM_reg, implemented as a RAM block, might be sub-optimal as no output register was merged into the block.
Related violations: <none>

SYNTH-6#29 Warning
Timing of a RAM block might be sub-optimal  
The timing for the instance gameTop/graphicEngineVGA/spriteMemories_16/RamInitSpWf/RAM_reg, implemented as a RAM block, might be sub-optimal as no output register was merged into the block.
Related violations: <none>

SYNTH-6#30 Warning
Timing of a RAM block might be sub-optimal  
The timing for the instance gameTop/graphicEngineVGA/spriteMemories_17/RamInitSpWf/RAM_reg, implemented as a RAM block, might be sub-optimal as no output register was merged into the block.
Related violations: <none>

SYNTH-6#31 Warning
Timing of a RAM block might be sub-optimal  
The timing for the instance gameTop/graphicEngineVGA/spriteMemories_18/RamInitSpWf/RAM_reg, implemented as a RAM block, might be sub-optimal as no output register was merged into the block.
Related violations: <none>

SYNTH-6#32 Warning
Timing of a RAM block might be sub-optimal  
The timing for the instance gameTop/graphicEngineVGA/spriteMemories_19/RamInitSpWf/RAM_reg, implemented as a RAM block, might be sub-optimal as no output register was merged into the block.
Related violations: <none>

SYNTH-6#33 Warning
Timing of a RAM block might be sub-optimal  
The timing for the instance gameTop/graphicEngineVGA/spriteMemories_2/RamInitSpWf/RAM_reg, implemented as a RAM block, might be sub-optimal as no output register was merged into the block.
Related violations: <none>

SYNTH-6#34 Warning
Timing of a RAM block might be sub-optimal  
The timing for the instance gameTop/graphicEngineVGA/spriteMemories_20/RamInitSpWf/RAM_reg, implemented as a RAM block, might be sub-optimal as no output register was merged into the block.
Related violations: <none>

SYNTH-6#35 Warning
Timing of a RAM block might be sub-optimal  
The timing for the instance gameTop/graphicEngineVGA/spriteMemories_21/RamInitSpWf/RAM_reg, implemented as a RAM block, might be sub-optimal as no output register was merged into the block.
Related violations: <none>

SYNTH-6#36 Warning
Timing of a RAM block might be sub-optimal  
The timing for the instance gameTop/graphicEngineVGA/spriteMemories_22/RamInitSpWf/RAM_reg, implemented as a RAM block, might be sub-optimal as no output register was merged into the block.
Related violations: <none>

SYNTH-6#37 Warning
Timing of a RAM block might be sub-optimal  
The timing for the instance gameTop/graphicEngineVGA/spriteMemories_23/RamInitSpWf/RAM_reg, implemented as a RAM block, might be sub-optimal as no output register was merged into the block.
Related violations: <none>

SYNTH-6#38 Warning
Timing of a RAM block might be sub-optimal  
The timing for the instance gameTop/graphicEngineVGA/spriteMemories_24/RamInitSpWf/RAM_reg, implemented as a RAM block, might be sub-optimal as no output register was merged into the block.
Related violations: <none>

SYNTH-6#39 Warning
Timing of a RAM block might be sub-optimal  
The timing for the instance gameTop/graphicEngineVGA/spriteMemories_25/RamInitSpWf/RAM_reg, implemented as a RAM block, might be sub-optimal as no output register was merged into the block.
Related violations: <none>

SYNTH-6#40 Warning
Timing of a RAM block might be sub-optimal  
The timing for the instance gameTop/graphicEngineVGA/spriteMemories_26/RamInitSpWf/RAM_reg, implemented as a RAM block, might be sub-optimal as no output register was merged into the block.
Related violations: <none>

SYNTH-6#41 Warning
Timing of a RAM block might be sub-optimal  
The timing for the instance gameTop/graphicEngineVGA/spriteMemories_27/RamInitSpWf/RAM_reg, implemented as a RAM block, might be sub-optimal as no output register was merged into the block.
Related violations: <none>

SYNTH-6#42 Warning
Timing of a RAM block might be sub-optimal  
The timing for the instance gameTop/graphicEngineVGA/spriteMemories_28/RamInitSpWf/RAM_reg, implemented as a RAM block, might be sub-optimal as no output register was merged into the block.
Related violations: <none>

SYNTH-6#43 Warning
Timing of a RAM block might be sub-optimal  
The timing for the instance gameTop/graphicEngineVGA/spriteMemories_29/RamInitSpWf/RAM_reg, implemented as a RAM block, might be sub-optimal as no output register was merged into the block.
Related violations: <none>

SYNTH-6#44 Warning
Timing of a RAM block might be sub-optimal  
The timing for the instance gameTop/graphicEngineVGA/spriteMemories_30/RamInitSpWf/RAM_reg, implemented as a RAM block, might be sub-optimal as no output register was merged into the block.
Related violations: <none>

SYNTH-6#45 Warning
Timing of a RAM block might be sub-optimal  
The timing for the instance gameTop/graphicEngineVGA/spriteMemories_31/RamInitSpWf/RAM_reg, implemented as a RAM block, might be sub-optimal as no output register was merged into the block.
Related violations: <none>

SYNTH-6#46 Warning
Timing of a RAM block might be sub-optimal  
The timing for the instance gameTop/graphicEngineVGA/spriteMemories_32/RamInitSpWf/RAM_reg, implemented as a RAM block, might be sub-optimal as no output register was merged into the block.
Related violations: <none>

SYNTH-6#47 Warning
Timing of a RAM block might be sub-optimal  
The timing for the instance gameTop/graphicEngineVGA/spriteMemories_33/RamInitSpWf/RAM_reg, implemented as a RAM block, might be sub-optimal as no output register was merged into the block.
Related violations: <none>

SYNTH-6#48 Warning
Timing of a RAM block might be sub-optimal  
The timing for the instance gameTop/graphicEngineVGA/spriteMemories_38/RamInitSpWf/RAM_reg, implemented as a RAM block, might be sub-optimal as no output register was merged into the block.
Related violations: <none>

SYNTH-6#49 Warning
Timing of a RAM block might be sub-optimal  
The timing for the instance gameTop/graphicEngineVGA/spriteMemories_39/RamInitSpWf/RAM_reg, implemented as a RAM block, might be sub-optimal as no output register was merged into the block.
Related violations: <none>

SYNTH-6#50 Warning
Timing of a RAM block might be sub-optimal  
The timing for the instance gameTop/graphicEngineVGA/spriteMemories_4/RamInitSpWf/RAM_reg, implemented as a RAM block, might be sub-optimal as no output register was merged into the block.
Related violations: <none>

SYNTH-6#51 Warning
Timing of a RAM block might be sub-optimal  
The timing for the instance gameTop/graphicEngineVGA/spriteMemories_40/RamInitSpWf/RAM_reg, implemented as a RAM block, might be sub-optimal as no output register was merged into the block.
Related violations: <none>

SYNTH-6#52 Warning
Timing of a RAM block might be sub-optimal  
The timing for the instance gameTop/graphicEngineVGA/spriteMemories_41/RamInitSpWf/RAM_reg, implemented as a RAM block, might be sub-optimal as no output register was merged into the block.
Related violations: <none>

SYNTH-6#53 Warning
Timing of a RAM block might be sub-optimal  
The timing for the instance gameTop/graphicEngineVGA/spriteMemories_42/RamInitSpWf/RAM_reg, implemented as a RAM block, might be sub-optimal as no output register was merged into the block.
Related violations: <none>

SYNTH-6#54 Warning
Timing of a RAM block might be sub-optimal  
The timing for the instance gameTop/graphicEngineVGA/spriteMemories_43/RamInitSpWf/RAM_reg, implemented as a RAM block, might be sub-optimal as no output register was merged into the block.
Related violations: <none>

SYNTH-6#55 Warning
Timing of a RAM block might be sub-optimal  
The timing for the instance gameTop/graphicEngineVGA/spriteMemories_44/RamInitSpWf/RAM_reg, implemented as a RAM block, might be sub-optimal as no output register was merged into the block.
Related violations: <none>

SYNTH-6#56 Warning
Timing of a RAM block might be sub-optimal  
The timing for the instance gameTop/graphicEngineVGA/spriteMemories_45/RamInitSpWf/RAM_reg, implemented as a RAM block, might be sub-optimal as no output register was merged into the block.
Related violations: <none>

SYNTH-6#57 Warning
Timing of a RAM block might be sub-optimal  
The timing for the instance gameTop/graphicEngineVGA/spriteMemories_46/RamInitSpWf/RAM_reg, implemented as a RAM block, might be sub-optimal as no output register was merged into the block.
Related violations: <none>

SYNTH-6#58 Warning
Timing of a RAM block might be sub-optimal  
The timing for the instance gameTop/graphicEngineVGA/spriteMemories_47/RamInitSpWf/RAM_reg, implemented as a RAM block, might be sub-optimal as no output register was merged into the block.
Related violations: <none>

SYNTH-6#59 Warning
Timing of a RAM block might be sub-optimal  
The timing for the instance gameTop/graphicEngineVGA/spriteMemories_48/RamInitSpWf/RAM_reg, implemented as a RAM block, might be sub-optimal as no output register was merged into the block.
Related violations: <none>

SYNTH-6#60 Warning
Timing of a RAM block might be sub-optimal  
The timing for the instance gameTop/graphicEngineVGA/spriteMemories_49/RamInitSpWf/RAM_reg, implemented as a RAM block, might be sub-optimal as no output register was merged into the block.
Related violations: <none>

SYNTH-6#61 Warning
Timing of a RAM block might be sub-optimal  
The timing for the instance gameTop/graphicEngineVGA/spriteMemories_5/RamInitSpWf/RAM_reg, implemented as a RAM block, might be sub-optimal as no output register was merged into the block.
Related violations: <none>

SYNTH-6#62 Warning
Timing of a RAM block might be sub-optimal  
The timing for the instance gameTop/graphicEngineVGA/spriteMemories_50/RamInitSpWf/RAM_reg, implemented as a RAM block, might be sub-optimal as no output register was merged into the block.
Related violations: <none>

SYNTH-6#63 Warning
Timing of a RAM block might be sub-optimal  
The timing for the instance gameTop/graphicEngineVGA/spriteMemories_51/RamInitSpWf/RAM_reg, implemented as a RAM block, might be sub-optimal as no output register was merged into the block.
Related violations: <none>

SYNTH-6#64 Warning
Timing of a RAM block might be sub-optimal  
The timing for the instance gameTop/graphicEngineVGA/spriteMemories_52/RamInitSpWf/RAM_reg, implemented as a RAM block, might be sub-optimal as no output register was merged into the block.
Related violations: <none>

SYNTH-6#65 Warning
Timing of a RAM block might be sub-optimal  
The timing for the instance gameTop/graphicEngineVGA/spriteMemories_54/RamInitSpWf/RAM_reg, implemented as a RAM block, might be sub-optimal as no output register was merged into the block.
Related violations: <none>

SYNTH-6#66 Warning
Timing of a RAM block might be sub-optimal  
The timing for the instance gameTop/graphicEngineVGA/spriteMemories_55/RamInitSpWf/RAM_reg, implemented as a RAM block, might be sub-optimal as no output register was merged into the block.
Related violations: <none>

SYNTH-6#67 Warning
Timing of a RAM block might be sub-optimal  
The timing for the instance gameTop/graphicEngineVGA/spriteMemories_57/RamInitSpWf/RAM_reg, implemented as a RAM block, might be sub-optimal as no output register was merged into the block.
Related violations: <none>

SYNTH-6#68 Warning
Timing of a RAM block might be sub-optimal  
The timing for the instance gameTop/graphicEngineVGA/spriteMemories_58/RamInitSpWf/RAM_reg, implemented as a RAM block, might be sub-optimal as no output register was merged into the block.
Related violations: <none>

SYNTH-6#69 Warning
Timing of a RAM block might be sub-optimal  
The timing for the instance gameTop/graphicEngineVGA/spriteMemories_6/RamInitSpWf/RAM_reg, implemented as a RAM block, might be sub-optimal as no output register was merged into the block.
Related violations: <none>

SYNTH-6#70 Warning
Timing of a RAM block might be sub-optimal  
The timing for the instance gameTop/graphicEngineVGA/spriteMemories_60/RamInitSpWf/RAM_reg, implemented as a RAM block, might be sub-optimal as no output register was merged into the block.
Related violations: <none>

SYNTH-6#71 Warning
Timing of a RAM block might be sub-optimal  
The timing for the instance gameTop/graphicEngineVGA/spriteMemories_61/RamInitSpWf/RAM_reg, implemented as a RAM block, might be sub-optimal as no output register was merged into the block.
Related violations: <none>

SYNTH-6#72 Warning
Timing of a RAM block might be sub-optimal  
The timing for the instance gameTop/graphicEngineVGA/spriteMemories_63/RamInitSpWf/RAM_reg, implemented as a RAM block, might be sub-optimal as no output register was merged into the block.
Related violations: <none>

SYNTH-6#73 Warning
Timing of a RAM block might be sub-optimal  
The timing for the instance gameTop/graphicEngineVGA/spriteMemories_64/RamInitSpWf/RAM_reg, implemented as a RAM block, might be sub-optimal as no output register was merged into the block.
Related violations: <none>

SYNTH-6#74 Warning
Timing of a RAM block might be sub-optimal  
The timing for the instance gameTop/graphicEngineVGA/spriteMemories_66/RamInitSpWf/RAM_reg, implemented as a RAM block, might be sub-optimal as no output register was merged into the block.
Related violations: <none>

SYNTH-6#75 Warning
Timing of a RAM block might be sub-optimal  
The timing for the instance gameTop/graphicEngineVGA/spriteMemories_67/RamInitSpWf/RAM_reg, implemented as a RAM block, might be sub-optimal as no output register was merged into the block.
Related violations: <none>

SYNTH-6#76 Warning
Timing of a RAM block might be sub-optimal  
The timing for the instance gameTop/graphicEngineVGA/spriteMemories_69/RamInitSpWf/RAM_reg, implemented as a RAM block, might be sub-optimal as no output register was merged into the block.
Related violations: <none>

SYNTH-6#77 Warning
Timing of a RAM block might be sub-optimal  
The timing for the instance gameTop/graphicEngineVGA/spriteMemories_7/RamInitSpWf/RAM_reg, implemented as a RAM block, might be sub-optimal as no output register was merged into the block.
Related violations: <none>

SYNTH-6#78 Warning
Timing of a RAM block might be sub-optimal  
The timing for the instance gameTop/graphicEngineVGA/spriteMemories_70/RamInitSpWf/RAM_reg, implemented as a RAM block, might be sub-optimal as no output register was merged into the block.
Related violations: <none>

SYNTH-6#79 Warning
Timing of a RAM block might be sub-optimal  
The timing for the instance gameTop/graphicEngineVGA/spriteMemories_72/RamInitSpWf/RAM_reg, implemented as a RAM block, might be sub-optimal as no output register was merged into the block.
Related violations: <none>

SYNTH-6#80 Warning
Timing of a RAM block might be sub-optimal  
The timing for the instance gameTop/graphicEngineVGA/spriteMemories_73/RamInitSpWf/RAM_reg, implemented as a RAM block, might be sub-optimal as no output register was merged into the block.
Related violations: <none>

SYNTH-6#81 Warning
Timing of a RAM block might be sub-optimal  
The timing for the instance gameTop/graphicEngineVGA/spriteMemories_75/RamInitSpWf/RAM_reg, implemented as a RAM block, might be sub-optimal as no output register was merged into the block.
Related violations: <none>

SYNTH-6#82 Warning
Timing of a RAM block might be sub-optimal  
The timing for the instance gameTop/graphicEngineVGA/spriteMemories_8/RamInitSpWf/RAM_reg, implemented as a RAM block, might be sub-optimal as no output register was merged into the block.
Related violations: <none>

SYNTH-6#83 Warning
Timing of a RAM block might be sub-optimal  
The timing for the instance gameTop/graphicEngineVGA/spriteMemories_9/RamInitSpWf/RAM_reg, implemented as a RAM block, might be sub-optimal as no output register was merged into the block.
Related violations: <none>

TIMING-16#1 Warning
Large setup violation  
There is a large setup violation of -1.000 ns between gameTop/graphicEngineVGA/inSpriteX_17_reg[2]/C (clocked by sys_clk_pin) and gameTop/graphicEngineVGA/spriteMemories_17/RamInitSpWf/RAM_reg/ADDRARDADDR[10] (clocked by sys_clk_pin). Large setup violations at the end of those stages might be difficult to fix during the post-placement implementation flow and could be the result of non-optimal XDC constraints or non-optimal design architecture
Related violations: <none>

TIMING-16#2 Warning
Large setup violation  
There is a large setup violation of -1.000 ns between gameTop/graphicEngineVGA/inSpriteX_8_reg[1]/C (clocked by sys_clk_pin) and gameTop/graphicEngineVGA/spriteMemories_8/RamInitSpWf/RAM_reg/ADDRARDADDR[5] (clocked by sys_clk_pin). Large setup violations at the end of those stages might be difficult to fix during the post-placement implementation flow and could be the result of non-optimal XDC constraints or non-optimal design architecture
Related violations: <none>

TIMING-16#3 Warning
Large setup violation  
There is a large setup violation of -1.002 ns between gameTop/graphicEngineVGA/inSpriteX_7_reg[2]/C (clocked by sys_clk_pin) and gameTop/graphicEngineVGA/spriteMemories_7/RamInitSpWf/RAM_reg/ADDRARDADDR[12] (clocked by sys_clk_pin). Large setup violations at the end of those stages might be difficult to fix during the post-placement implementation flow and could be the result of non-optimal XDC constraints or non-optimal design architecture
Related violations: <none>

TIMING-16#4 Warning
Large setup violation  
There is a large setup violation of -1.003 ns between gameTop/graphicEngineVGA/inSpriteX_17_reg[2]/C (clocked by sys_clk_pin) and gameTop/graphicEngineVGA/spriteMemories_17/RamInitSpWf/RAM_reg/ADDRARDADDR[5] (clocked by sys_clk_pin). Large setup violations at the end of those stages might be difficult to fix during the post-placement implementation flow and could be the result of non-optimal XDC constraints or non-optimal design architecture
Related violations: <none>

TIMING-16#5 Warning
Large setup violation  
There is a large setup violation of -1.005 ns between gameTop/graphicEngineVGA/inSpriteX_17_reg[2]/C (clocked by sys_clk_pin) and gameTop/graphicEngineVGA/spriteMemories_17/RamInitSpWf/RAM_reg/ADDRARDADDR[11] (clocked by sys_clk_pin). Large setup violations at the end of those stages might be difficult to fix during the post-placement implementation flow and could be the result of non-optimal XDC constraints or non-optimal design architecture
Related violations: <none>

TIMING-16#6 Warning
Large setup violation  
There is a large setup violation of -1.005 ns between gameTop/graphicEngineVGA/spriteRotationReg45_9_reg/C (clocked by sys_clk_pin) and gameTop/graphicEngineVGA/spriteMemories_9/RamInitSpWf/RAM_reg/ADDRARDADDR[7] (clocked by sys_clk_pin). Large setup violations at the end of those stages might be difficult to fix during the post-placement implementation flow and could be the result of non-optimal XDC constraints or non-optimal design architecture
Related violations: <none>

TIMING-16#7 Warning
Large setup violation  
There is a large setup violation of -1.006 ns between gameTop/graphicEngineVGA/spriteRotationReg45_9_reg/C (clocked by sys_clk_pin) and gameTop/graphicEngineVGA/spriteMemories_9/RamInitSpWf/RAM_reg/ADDRARDADDR[10] (clocked by sys_clk_pin). Large setup violations at the end of those stages might be difficult to fix during the post-placement implementation flow and could be the result of non-optimal XDC constraints or non-optimal design architecture
Related violations: <none>

TIMING-16#8 Warning
Large setup violation  
There is a large setup violation of -1.007 ns between gameTop/graphicEngineVGA/inSpriteX_8_reg[1]/C (clocked by sys_clk_pin) and gameTop/graphicEngineVGA/spriteMemories_8/RamInitSpWf/RAM_reg/ADDRARDADDR[8] (clocked by sys_clk_pin). Large setup violations at the end of those stages might be difficult to fix during the post-placement implementation flow and could be the result of non-optimal XDC constraints or non-optimal design architecture
Related violations: <none>

TIMING-16#9 Warning
Large setup violation  
There is a large setup violation of -1.008 ns between gameTop/graphicEngineVGA/inSpriteX_7_reg[2]/C (clocked by sys_clk_pin) and gameTop/graphicEngineVGA/spriteMemories_7/RamInitSpWf/RAM_reg/ADDRARDADDR[13] (clocked by sys_clk_pin). Large setup violations at the end of those stages might be difficult to fix during the post-placement implementation flow and could be the result of non-optimal XDC constraints or non-optimal design architecture
Related violations: <none>

TIMING-16#10 Warning
Large setup violation  
There is a large setup violation of -1.009 ns between gameTop/graphicEngineVGA/inSpriteX_15_reg[1]/C (clocked by sys_clk_pin) and gameTop/graphicEngineVGA/spriteMemories_15/RamInitSpWf/RAM_reg/ADDRARDADDR[12] (clocked by sys_clk_pin). Large setup violations at the end of those stages might be difficult to fix during the post-placement implementation flow and could be the result of non-optimal XDC constraints or non-optimal design architecture
Related violations: <none>

TIMING-16#11 Warning
Large setup violation  
There is a large setup violation of -1.010 ns between gameTop/graphicEngineVGA/spriteRotationReg45_9_reg/C (clocked by sys_clk_pin) and gameTop/graphicEngineVGA/spriteMemories_9/RamInitSpWf/RAM_reg/ADDRARDADDR[11] (clocked by sys_clk_pin). Large setup violations at the end of those stages might be difficult to fix during the post-placement implementation flow and could be the result of non-optimal XDC constraints or non-optimal design architecture
Related violations: <none>

TIMING-16#12 Warning
Large setup violation  
There is a large setup violation of -1.011 ns between gameTop/graphicEngineVGA/inSpriteX_8_reg[1]/C (clocked by sys_clk_pin) and gameTop/graphicEngineVGA/spriteMemories_8/RamInitSpWf/RAM_reg/ADDRARDADDR[10] (clocked by sys_clk_pin). Large setup violations at the end of those stages might be difficult to fix during the post-placement implementation flow and could be the result of non-optimal XDC constraints or non-optimal design architecture
Related violations: <none>

TIMING-16#13 Warning
Large setup violation  
There is a large setup violation of -1.012 ns between gameTop/graphicEngineVGA/inSpriteX_13_reg[4]/C (clocked by sys_clk_pin) and gameTop/graphicEngineVGA/spriteMemories_13/RamInitSpWf/RAM_reg/ADDRARDADDR[4] (clocked by sys_clk_pin). Large setup violations at the end of those stages might be difficult to fix during the post-placement implementation flow and could be the result of non-optimal XDC constraints or non-optimal design architecture
Related violations: <none>

TIMING-16#14 Warning
Large setup violation  
There is a large setup violation of -1.013 ns between gameTop/graphicEngineVGA/inSpriteX_17_reg[2]/C (clocked by sys_clk_pin) and gameTop/graphicEngineVGA/spriteMemories_17/RamInitSpWf/RAM_reg/ADDRARDADDR[8] (clocked by sys_clk_pin). Large setup violations at the end of those stages might be difficult to fix during the post-placement implementation flow and could be the result of non-optimal XDC constraints or non-optimal design architecture
Related violations: <none>

TIMING-16#15 Warning
Large setup violation  
There is a large setup violation of -1.016 ns between gameTop/graphicEngineVGA/inSpriteX_12_reg[1]/C (clocked by sys_clk_pin) and gameTop/graphicEngineVGA/spriteMemories_11/RamInitSpWf/RAM_reg/ADDRBWRADDR[5] (clocked by sys_clk_pin). Large setup violations at the end of those stages might be difficult to fix during the post-placement implementation flow and could be the result of non-optimal XDC constraints or non-optimal design architecture
Related violations: <none>

TIMING-16#16 Warning
Large setup violation  
There is a large setup violation of -1.023 ns between gameTop/graphicEngineVGA/inSpriteX_15_reg[1]/C (clocked by sys_clk_pin) and gameTop/graphicEngineVGA/spriteMemories_15/RamInitSpWf/RAM_reg/ADDRARDADDR[9] (clocked by sys_clk_pin). Large setup violations at the end of those stages might be difficult to fix during the post-placement implementation flow and could be the result of non-optimal XDC constraints or non-optimal design architecture
Related violations: <none>

TIMING-16#17 Warning
Large setup violation  
There is a large setup violation of -1.023 ns between gameTop/graphicEngineVGA/spriteRotationReg45_11_reg/C (clocked by sys_clk_pin) and gameTop/graphicEngineVGA/spriteMemories_11/RamInitSpWf/RAM_reg/ADDRARDADDR[4] (clocked by sys_clk_pin). Large setup violations at the end of those stages might be difficult to fix during the post-placement implementation flow and could be the result of non-optimal XDC constraints or non-optimal design architecture
Related violations: <none>

TIMING-16#18 Warning
Large setup violation  
There is a large setup violation of -1.025 ns between gameTop/graphicEngineVGA/inSpriteX_14_reg[1]/C (clocked by sys_clk_pin) and gameTop/graphicEngineVGA/spriteMemories_13/RamInitSpWf/RAM_reg/ADDRBWRADDR[12] (clocked by sys_clk_pin). Large setup violations at the end of those stages might be difficult to fix during the post-placement implementation flow and could be the result of non-optimal XDC constraints or non-optimal design architecture
Related violations: <none>

TIMING-16#19 Warning
Large setup violation  
There is a large setup violation of -1.026 ns between gameTop/graphicEngineVGA/spriteRotationReg45_9_reg/C (clocked by sys_clk_pin) and gameTop/graphicEngineVGA/spriteMemories_9/RamInitSpWf/RAM_reg/ADDRARDADDR[13] (clocked by sys_clk_pin). Large setup violations at the end of those stages might be difficult to fix during the post-placement implementation flow and could be the result of non-optimal XDC constraints or non-optimal design architecture
Related violations: <none>

TIMING-16#20 Warning
Large setup violation  
There is a large setup violation of -1.026 ns between gameTop/graphicEngineVGA/spriteRotationReg45_9_reg/C (clocked by sys_clk_pin) and gameTop/graphicEngineVGA/spriteMemories_9/RamInitSpWf/RAM_reg/ADDRARDADDR[8] (clocked by sys_clk_pin). Large setup violations at the end of those stages might be difficult to fix during the post-placement implementation flow and could be the result of non-optimal XDC constraints or non-optimal design architecture
Related violations: <none>

TIMING-16#21 Warning
Large setup violation  
There is a large setup violation of -1.027 ns between gameTop/graphicEngineVGA/inSpriteX_17_reg[2]/C (clocked by sys_clk_pin) and gameTop/graphicEngineVGA/spriteMemories_17/RamInitSpWf/RAM_reg/ADDRARDADDR[6] (clocked by sys_clk_pin). Large setup violations at the end of those stages might be difficult to fix during the post-placement implementation flow and could be the result of non-optimal XDC constraints or non-optimal design architecture
Related violations: <none>

TIMING-16#22 Warning
Large setup violation  
There is a large setup violation of -1.033 ns between gameTop/graphicEngineVGA/inSpriteX_15_reg[1]/C (clocked by sys_clk_pin) and gameTop/graphicEngineVGA/spriteMemories_15/RamInitSpWf/RAM_reg/ADDRARDADDR[13] (clocked by sys_clk_pin). Large setup violations at the end of those stages might be difficult to fix during the post-placement implementation flow and could be the result of non-optimal XDC constraints or non-optimal design architecture
Related violations: <none>

TIMING-16#23 Warning
Large setup violation  
There is a large setup violation of -1.033 ns between gameTop/graphicEngineVGA/inSpriteX_8_reg[1]/C (clocked by sys_clk_pin) and gameTop/graphicEngineVGA/spriteMemories_8/RamInitSpWf/RAM_reg/ADDRARDADDR[12] (clocked by sys_clk_pin). Large setup violations at the end of those stages might be difficult to fix during the post-placement implementation flow and could be the result of non-optimal XDC constraints or non-optimal design architecture
Related violations: <none>

TIMING-16#24 Warning
Large setup violation  
There is a large setup violation of -1.034 ns between gameTop/graphicEngineVGA/inSpriteX_17_reg[2]/C (clocked by sys_clk_pin) and gameTop/graphicEngineVGA/rotation45deg_17/RamInitSpWf/RAM_reg_1/ADDRARDADDR[10] (clocked by sys_clk_pin). Large setup violations at the end of those stages might be difficult to fix during the post-placement implementation flow and could be the result of non-optimal XDC constraints or non-optimal design architecture
Related violations: <none>

TIMING-16#25 Warning
Large setup violation  
There is a large setup violation of -1.035 ns between gameTop/graphicEngineVGA/inSpriteX_17_reg[2]/C (clocked by sys_clk_pin) and gameTop/graphicEngineVGA/rotation45deg_17/RamInitSpWf/RAM_reg_1/ADDRARDADDR[12] (clocked by sys_clk_pin). Large setup violations at the end of those stages might be difficult to fix during the post-placement implementation flow and could be the result of non-optimal XDC constraints or non-optimal design architecture
Related violations: <none>

TIMING-16#26 Warning
Large setup violation  
There is a large setup violation of -1.035 ns between gameTop/graphicEngineVGA/inSpriteX_17_reg[2]/C (clocked by sys_clk_pin) and gameTop/graphicEngineVGA/rotation45deg_17/RamInitSpWf/RAM_reg_1/ADDRARDADDR[4] (clocked by sys_clk_pin). Large setup violations at the end of those stages might be difficult to fix during the post-placement implementation flow and could be the result of non-optimal XDC constraints or non-optimal design architecture
Related violations: <none>

TIMING-16#27 Warning
Large setup violation  
There is a large setup violation of -1.037 ns between gameTop/graphicEngineVGA/inSpriteX_17_reg[2]/C (clocked by sys_clk_pin) and gameTop/graphicEngineVGA/spriteMemories_17/RamInitSpWf/RAM_reg/ADDRARDADDR[12] (clocked by sys_clk_pin). Large setup violations at the end of those stages might be difficult to fix during the post-placement implementation flow and could be the result of non-optimal XDC constraints or non-optimal design architecture
Related violations: <none>

TIMING-16#28 Warning
Large setup violation  
There is a large setup violation of -1.037 ns between gameTop/graphicEngineVGA/inSpriteX_7_reg[2]/C (clocked by sys_clk_pin) and gameTop/graphicEngineVGA/spriteMemories_7/RamInitSpWf/RAM_reg/ADDRARDADDR[9] (clocked by sys_clk_pin). Large setup violations at the end of those stages might be difficult to fix during the post-placement implementation flow and could be the result of non-optimal XDC constraints or non-optimal design architecture
Related violations: <none>

TIMING-16#29 Warning
Large setup violation  
There is a large setup violation of -1.039 ns between gameTop/graphicEngineVGA/inSpriteX_7_reg[2]/C (clocked by sys_clk_pin) and gameTop/graphicEngineVGA/spriteMemories_7/RamInitSpWf/RAM_reg/ADDRARDADDR[11] (clocked by sys_clk_pin). Large setup violations at the end of those stages might be difficult to fix during the post-placement implementation flow and could be the result of non-optimal XDC constraints or non-optimal design architecture
Related violations: <none>

TIMING-16#30 Warning
Large setup violation  
There is a large setup violation of -1.040 ns between gameTop/graphicEngineVGA/inSpriteX_15_reg[1]/C (clocked by sys_clk_pin) and gameTop/graphicEngineVGA/spriteMemories_15/RamInitSpWf/RAM_reg/ADDRARDADDR[10] (clocked by sys_clk_pin). Large setup violations at the end of those stages might be difficult to fix during the post-placement implementation flow and could be the result of non-optimal XDC constraints or non-optimal design architecture
Related violations: <none>

TIMING-16#31 Warning
Large setup violation  
There is a large setup violation of -1.048 ns between gameTop/graphicEngineVGA/inSpriteX_12_reg[1]/C (clocked by sys_clk_pin) and gameTop/graphicEngineVGA/spriteMemories_11/RamInitSpWf/RAM_reg/ADDRBWRADDR[13] (clocked by sys_clk_pin). Large setup violations at the end of those stages might be difficult to fix during the post-placement implementation flow and could be the result of non-optimal XDC constraints or non-optimal design architecture
Related violations: <none>

TIMING-16#32 Warning
Large setup violation  
There is a large setup violation of -1.048 ns between gameTop/graphicEngineVGA/inSpriteX_12_reg[1]/C (clocked by sys_clk_pin) and gameTop/graphicEngineVGA/spriteMemories_11/RamInitSpWf/RAM_reg/ADDRBWRADDR[8] (clocked by sys_clk_pin). Large setup violations at the end of those stages might be difficult to fix during the post-placement implementation flow and could be the result of non-optimal XDC constraints or non-optimal design architecture
Related violations: <none>

TIMING-16#33 Warning
Large setup violation  
There is a large setup violation of -1.052 ns between gameTop/graphicEngineVGA/inSpriteX_15_reg[1]/C (clocked by sys_clk_pin) and gameTop/graphicEngineVGA/spriteMemories_15/RamInitSpWf/RAM_reg/ADDRARDADDR[11] (clocked by sys_clk_pin). Large setup violations at the end of those stages might be difficult to fix during the post-placement implementation flow and could be the result of non-optimal XDC constraints or non-optimal design architecture
Related violations: <none>

TIMING-16#34 Warning
Large setup violation  
There is a large setup violation of -1.052 ns between gameTop/graphicEngineVGA/inSpriteX_7_reg[2]/C (clocked by sys_clk_pin) and gameTop/graphicEngineVGA/spriteMemories_7/RamInitSpWf/RAM_reg/ADDRARDADDR[6] (clocked by sys_clk_pin). Large setup violations at the end of those stages might be difficult to fix during the post-placement implementation flow and could be the result of non-optimal XDC constraints or non-optimal design architecture
Related violations: <none>

TIMING-16#35 Warning
Large setup violation  
There is a large setup violation of -1.055 ns between gameTop/graphicEngineVGA/inSpriteX_7_reg[2]/C (clocked by sys_clk_pin) and gameTop/graphicEngineVGA/spriteMemories_7/RamInitSpWf/RAM_reg/ADDRARDADDR[8] (clocked by sys_clk_pin). Large setup violations at the end of those stages might be difficult to fix during the post-placement implementation flow and could be the result of non-optimal XDC constraints or non-optimal design architecture
Related violations: <none>

TIMING-16#36 Warning
Large setup violation  
There is a large setup violation of -1.057 ns between gameTop/graphicEngineVGA/inSpriteX_7_reg[2]/C (clocked by sys_clk_pin) and gameTop/graphicEngineVGA/spriteMemories_7/RamInitSpWf/RAM_reg/ADDRARDADDR[5] (clocked by sys_clk_pin). Large setup violations at the end of those stages might be difficult to fix during the post-placement implementation flow and could be the result of non-optimal XDC constraints or non-optimal design architecture
Related violations: <none>

TIMING-16#37 Warning
Large setup violation  
There is a large setup violation of -1.058 ns between gameTop/graphicEngineVGA/inSpriteX_7_reg[2]/C (clocked by sys_clk_pin) and gameTop/graphicEngineVGA/spriteMemories_7/RamInitSpWf/RAM_reg/ADDRARDADDR[7] (clocked by sys_clk_pin). Large setup violations at the end of those stages might be difficult to fix during the post-placement implementation flow and could be the result of non-optimal XDC constraints or non-optimal design architecture
Related violations: <none>

TIMING-16#38 Warning
Large setup violation  
There is a large setup violation of -1.058 ns between gameTop/graphicEngineVGA/spriteRotationReg45_11_reg/C (clocked by sys_clk_pin) and gameTop/graphicEngineVGA/spriteMemories_11/RamInitSpWf/RAM_reg/ADDRARDADDR[13] (clocked by sys_clk_pin). Large setup violations at the end of those stages might be difficult to fix during the post-placement implementation flow and could be the result of non-optimal XDC constraints or non-optimal design architecture
Related violations: <none>

TIMING-16#39 Warning
Large setup violation  
There is a large setup violation of -1.071 ns between gameTop/graphicEngineVGA/spriteRotationReg45_11_reg/C (clocked by sys_clk_pin) and gameTop/graphicEngineVGA/spriteMemories_11/RamInitSpWf/RAM_reg/ADDRARDADDR[5] (clocked by sys_clk_pin). Large setup violations at the end of those stages might be difficult to fix during the post-placement implementation flow and could be the result of non-optimal XDC constraints or non-optimal design architecture
Related violations: <none>

TIMING-16#40 Warning
Large setup violation  
There is a large setup violation of -1.073 ns between gameTop/graphicEngineVGA/inSpriteX_12_reg[1]/C (clocked by sys_clk_pin) and gameTop/graphicEngineVGA/spriteMemories_11/RamInitSpWf/RAM_reg/ADDRBWRADDR[11] (clocked by sys_clk_pin). Large setup violations at the end of those stages might be difficult to fix during the post-placement implementation flow and could be the result of non-optimal XDC constraints or non-optimal design architecture
Related violations: <none>

TIMING-16#41 Warning
Large setup violation  
There is a large setup violation of -1.086 ns between gameTop/graphicEngineVGA/inSpriteX_7_reg[2]/C (clocked by sys_clk_pin) and gameTop/graphicEngineVGA/spriteMemories_7/RamInitSpWf/RAM_reg/ADDRARDADDR[4] (clocked by sys_clk_pin). Large setup violations at the end of those stages might be difficult to fix during the post-placement implementation flow and could be the result of non-optimal XDC constraints or non-optimal design architecture
Related violations: <none>

TIMING-16#42 Warning
Large setup violation  
There is a large setup violation of -1.112 ns between gameTop/graphicEngineVGA/inSpriteX_17_reg[2]/C (clocked by sys_clk_pin) and gameTop/graphicEngineVGA/rotation45deg_17/RamInitSpWf/RAM_reg_1/ADDRARDADDR[7] (clocked by sys_clk_pin). Large setup violations at the end of those stages might be difficult to fix during the post-placement implementation flow and could be the result of non-optimal XDC constraints or non-optimal design architecture
Related violations: <none>

TIMING-16#43 Warning
Large setup violation  
There is a large setup violation of -1.115 ns between gameTop/graphicEngineVGA/inSpriteX_17_reg[2]/C (clocked by sys_clk_pin) and gameTop/graphicEngineVGA/spriteMemories_17/RamInitSpWf/RAM_reg/ADDRARDADDR[4] (clocked by sys_clk_pin). Large setup violations at the end of those stages might be difficult to fix during the post-placement implementation flow and could be the result of non-optimal XDC constraints or non-optimal design architecture
Related violations: <none>

TIMING-16#44 Warning
Large setup violation  
There is a large setup violation of -1.152 ns between gameTop/graphicEngineVGA/inSpriteX_15_reg[1]/C (clocked by sys_clk_pin) and gameTop/graphicEngineVGA/spriteMemories_15/RamInitSpWf/RAM_reg/ADDRARDADDR[7] (clocked by sys_clk_pin). Large setup violations at the end of those stages might be difficult to fix during the post-placement implementation flow and could be the result of non-optimal XDC constraints or non-optimal design architecture
Related violations: <none>

TIMING-16#45 Warning
Large setup violation  
There is a large setup violation of -1.154 ns between gameTop/graphicEngineVGA/inSpriteX_15_reg[1]/C (clocked by sys_clk_pin) and gameTop/graphicEngineVGA/spriteMemories_15/RamInitSpWf/RAM_reg/ADDRARDADDR[8] (clocked by sys_clk_pin). Large setup violations at the end of those stages might be difficult to fix during the post-placement implementation flow and could be the result of non-optimal XDC constraints or non-optimal design architecture
Related violations: <none>

TIMING-16#46 Warning
Large setup violation  
There is a large setup violation of -1.154 ns between gameTop/graphicEngineVGA/spriteRotationReg45_9_reg/C (clocked by sys_clk_pin) and gameTop/graphicEngineVGA/spriteMemories_9/RamInitSpWf/RAM_reg/ADDRARDADDR[4] (clocked by sys_clk_pin). Large setup violations at the end of those stages might be difficult to fix during the post-placement implementation flow and could be the result of non-optimal XDC constraints or non-optimal design architecture
Related violations: <none>

TIMING-16#47 Warning
Large setup violation  
There is a large setup violation of -1.159 ns between gameTop/graphicEngineVGA/inSpriteX_12_reg[1]/C (clocked by sys_clk_pin) and gameTop/graphicEngineVGA/spriteMemories_11/RamInitSpWf/RAM_reg/ADDRBWRADDR[10] (clocked by sys_clk_pin). Large setup violations at the end of those stages might be difficult to fix during the post-placement implementation flow and could be the result of non-optimal XDC constraints or non-optimal design architecture
Related violations: <none>

TIMING-16#48 Warning
Large setup violation  
There is a large setup violation of -1.164 ns between gameTop/graphicEngineVGA/inSpriteX_15_reg[1]/C (clocked by sys_clk_pin) and gameTop/graphicEngineVGA/spriteMemories_15/RamInitSpWf/RAM_reg/ADDRARDADDR[6] (clocked by sys_clk_pin). Large setup violations at the end of those stages might be difficult to fix during the post-placement implementation flow and could be the result of non-optimal XDC constraints or non-optimal design architecture
Related violations: <none>

TIMING-16#49 Warning
Large setup violation  
There is a large setup violation of -1.168 ns between gameTop/graphicEngineVGA/inSpriteX_15_reg[1]/C (clocked by sys_clk_pin) and gameTop/graphicEngineVGA/spriteMemories_15/RamInitSpWf/RAM_reg/ADDRARDADDR[5] (clocked by sys_clk_pin). Large setup violations at the end of those stages might be difficult to fix during the post-placement implementation flow and could be the result of non-optimal XDC constraints or non-optimal design architecture
Related violations: <none>

TIMING-16#50 Warning
Large setup violation  
There is a large setup violation of -1.169 ns between gameTop/graphicEngineVGA/inSpriteX_15_reg[1]/C (clocked by sys_clk_pin) and gameTop/graphicEngineVGA/spriteMemories_15/RamInitSpWf/RAM_reg/ADDRARDADDR[4] (clocked by sys_clk_pin). Large setup violations at the end of those stages might be difficult to fix during the post-placement implementation flow and could be the result of non-optimal XDC constraints or non-optimal design architecture
Related violations: <none>

TIMING-16#51 Warning
Large setup violation  
There is a large setup violation of -1.169 ns between gameTop/graphicEngineVGA/inSpriteX_17_reg[2]/C (clocked by sys_clk_pin) and gameTop/graphicEngineVGA/spriteMemories_17/RamInitSpWf/RAM_reg/ADDRARDADDR[7] (clocked by sys_clk_pin). Large setup violations at the end of those stages might be difficult to fix during the post-placement implementation flow and could be the result of non-optimal XDC constraints or non-optimal design architecture
Related violations: <none>

TIMING-16#52 Warning
Large setup violation  
There is a large setup violation of -1.187 ns between gameTop/graphicEngineVGA/spriteRotationReg45_9_reg/C (clocked by sys_clk_pin) and gameTop/graphicEngineVGA/spriteMemories_9/RamInitSpWf/RAM_reg/ADDRARDADDR[5] (clocked by sys_clk_pin). Large setup violations at the end of those stages might be difficult to fix during the post-placement implementation flow and could be the result of non-optimal XDC constraints or non-optimal design architecture
Related violations: <none>

TIMING-18#1 Warning
Missing input or output delay  
An input delay is missing on io_btnC relative to the rising and/or falling clock edge(s) of sys_clk_pin.
Related violations: <none>

TIMING-18#2 Warning
Missing input or output delay  
An input delay is missing on io_btnD relative to the rising and/or falling clock edge(s) of sys_clk_pin.
Related violations: <none>

TIMING-18#3 Warning
Missing input or output delay  
An input delay is missing on io_btnL relative to the rising and/or falling clock edge(s) of sys_clk_pin.
Related violations: <none>

TIMING-18#4 Warning
Missing input or output delay  
An input delay is missing on io_btnR relative to the rising and/or falling clock edge(s) of sys_clk_pin.
Related violations: <none>

TIMING-18#5 Warning
Missing input or output delay  
An input delay is missing on io_btnU relative to the rising and/or falling clock edge(s) of sys_clk_pin.
Related violations: <none>

TIMING-18#6 Warning
Missing input or output delay  
An input delay is missing on io_sw_0 relative to the rising and/or falling clock edge(s) of sys_clk_pin.
Related violations: <none>

TIMING-18#7 Warning
Missing input or output delay  
An input delay is missing on io_sw_1 relative to the rising and/or falling clock edge(s) of sys_clk_pin.
Related violations: <none>

TIMING-18#8 Warning
Missing input or output delay  
An input delay is missing on io_sw_2 relative to the rising and/or falling clock edge(s) of sys_clk_pin.
Related violations: <none>

TIMING-18#9 Warning
Missing input or output delay  
An input delay is missing on io_sw_7 relative to the rising and/or falling clock edge(s) of sys_clk_pin.
Related violations: <none>

TIMING-18#10 Warning
Missing input or output delay  
An input delay is missing on reset relative to the rising and/or falling clock edge(s) of sys_clk_pin.
Related violations: <none>

TIMING-18#11 Warning
Missing input or output delay  
An output delay is missing on io_Hsync relative to the rising and/or falling clock edge(s) of sys_clk_pin.
Related violations: <none>

TIMING-18#12 Warning
Missing input or output delay  
An output delay is missing on io_Vsync relative to the rising and/or falling clock edge(s) of sys_clk_pin.
Related violations: <none>

TIMING-18#13 Warning
Missing input or output delay  
An output delay is missing on io_backBufferWriteError relative to the rising and/or falling clock edge(s) of sys_clk_pin.
Related violations: <none>

TIMING-18#14 Warning
Missing input or output delay  
An output delay is missing on io_missingFrameError relative to the rising and/or falling clock edge(s) of sys_clk_pin.
Related violations: <none>

TIMING-18#15 Warning
Missing input or output delay  
An output delay is missing on io_soundOutput_0 relative to the rising and/or falling clock edge(s) of sys_clk_pin.
Related violations: <none>

TIMING-18#16 Warning
Missing input or output delay  
An output delay is missing on io_vgaBlue[0] relative to the rising and/or falling clock edge(s) of sys_clk_pin.
Related violations: <none>

TIMING-18#17 Warning
Missing input or output delay  
An output delay is missing on io_vgaBlue[1] relative to the rising and/or falling clock edge(s) of sys_clk_pin.
Related violations: <none>

TIMING-18#18 Warning
Missing input or output delay  
An output delay is missing on io_vgaBlue[2] relative to the rising and/or falling clock edge(s) of sys_clk_pin.
Related violations: <none>

TIMING-18#19 Warning
Missing input or output delay  
An output delay is missing on io_vgaBlue[3] relative to the rising and/or falling clock edge(s) of sys_clk_pin.
Related violations: <none>

TIMING-18#20 Warning
Missing input or output delay  
An output delay is missing on io_vgaGreen[0] relative to the rising and/or falling clock edge(s) of sys_clk_pin.
Related violations: <none>

TIMING-18#21 Warning
Missing input or output delay  
An output delay is missing on io_vgaGreen[1] relative to the rising and/or falling clock edge(s) of sys_clk_pin.
Related violations: <none>

TIMING-18#22 Warning
Missing input or output delay  
An output delay is missing on io_vgaGreen[2] relative to the rising and/or falling clock edge(s) of sys_clk_pin.
Related violations: <none>

TIMING-18#23 Warning
Missing input or output delay  
An output delay is missing on io_vgaGreen[3] relative to the rising and/or falling clock edge(s) of sys_clk_pin.
Related violations: <none>

TIMING-18#24 Warning
Missing input or output delay  
An output delay is missing on io_vgaRed[0] relative to the rising and/or falling clock edge(s) of sys_clk_pin.
Related violations: <none>

TIMING-18#25 Warning
Missing input or output delay  
An output delay is missing on io_vgaRed[1] relative to the rising and/or falling clock edge(s) of sys_clk_pin.
Related violations: <none>

TIMING-18#26 Warning
Missing input or output delay  
An output delay is missing on io_vgaRed[2] relative to the rising and/or falling clock edge(s) of sys_clk_pin.
Related violations: <none>

TIMING-18#27 Warning
Missing input or output delay  
An output delay is missing on io_vgaRed[3] relative to the rising and/or falling clock edge(s) of sys_clk_pin.
Related violations: <none>


